(c) Copyright 2012-2016 Xilinx, Inc. All Rights Reserved.
#-----------------------------------------------------------
# Tool version  : sdscc 2016.4 SW Build 1804799 on Mar  8 2017 18:30:58
# Start time    : Fri Apr 06 12:12:42 +0800 2018
# Command line  : sdscc -Wall -O0 -g -I../src -c -fmessage-length=0 -MTsrc/conv1.o -MMD -MP -MFsrc/conv1.d -MTsrc/conv1.o -o src/conv1.o ../src/conv1.c -sds-sys-config config0 -sds-proc a9_0 -sds-pf D:/Coding/FPGA/np9/snowleo2
# Log file      : D:/Coding/FPGA/workplace/cnn_simple/Debug/_sds/reports/sds_conv1.log
# Journal file  : D:/Coding/FPGA/workplace/cnn_simple/Debug/_sds/reports/sds_conv1.jou
# Report file   : D:/Coding/FPGA/workplace/cnn_simple/Debug/_sds/reports/sds_conv1.rpt
#-----------------------------------------------------------

# INFO: [SDSoC 0-0] Create data motion intermediate representation
clang_wrapper -I../src -Wall -g -fmessage-length=0 -MMD -MP -D __SDSCC__ -target arm-none-eabi -mcpu=cortex-a9 -mfpu=vfpv3 -O0 -g     -I F:/Xilinx/SDx/2016.4/aarch32-none/include  -I F:/Xilinx/SDx/2016.4/Vivado_HLS/include   -IF:/Xilinx/SDx/2016.4/SDK/gnu/aarch32/nt/gcc-arm-none-eabi/lib/gcc/arm-none-eabi/5.2.1/include -IF:/Xilinx/SDx/2016.4/SDK/gnu/aarch32/nt/gcc-arm-none-eabi/lib/gcc/arm-none-eabi/5.2.1/include-fixed -IF:/Xilinx/SDx/2016.4/SDK/gnu/aarch32/nt/gcc-arm-none-eabi/arm-none-eabi/include -IF:/Xilinx/SDx/2016.4/SDK/gnu/aarch32/nt/gcc-arm-none-eabi/arm-none-eabi/libc/usr/include -emit-llvm -S D:/Coding/FPGA/workplace/cnn_simple/src/conv1.c -o D:/Coding/FPGA/workplace/cnn_simple/Debug/_sds/.llvm/src/conv1.s
# INFO: [SDSoC 0-0] Compiling D:/Coding/FPGA/workplace/cnn_simple/src/conv1.c
arm-none-eabi-gcc -c -I../src -Wall -O0 -g -fmessage-length=0 -MMD -MP -D __SDSCC__ -MTD:/Coding/FPGA/workplace/cnn_simple/Debug/src/conv1.o -MFD:/Coding/FPGA/workplace/cnn_simple/Debug/src/conv1.d -MTD:/Coding/FPGA/workplace/cnn_simple/Debug/src/conv1.o -mcpu=cortex-a9 -mfpu=vfpv3 -mfloat-abi=hard    -I F:/Xilinx/SDx/2016.4/aarch32-none/include  -I F:/Xilinx/SDx/2016.4/Vivado_HLS/include D:/Coding/FPGA/workplace/cnn_simple/src/conv1.c -o src/conv1.o
arm-none-eabi-objcopy --add-section .xdsdata=D:/Coding/FPGA/workplace/cnn_simple/Debug/_sds/swstubs/conv1.o.xml src/conv1.o
# sdscc completed at Fri Apr 06 12:13:05 +0800 2018
